// Jest Snapshot v1, https://goo.gl/fbAQLP

exports[`Article component renders history item 1`] = `
<DocumentFragment>
  <div
    class="history-item"
  >
    <p>
      GET
    </p>
    <p>
      test-url.com
    </p>
  </div>
</DocumentFragment>
`;
